// Jest Snapshot v1, https://goo.gl/fbAQLP

exports[`component.UI.Message should render correctly with default props 1`] = `
<styled.div
  fontSize="s"
  fontWeight="normal"
  variant="message.undefined"
>
  <Styled(styled.div)
    alignItems="flex-start"
  >
    <styled.div
      mr={1}
      width="14px"
    />
    <ForwardRef
      lineHeight="normal"
    >
      A message
    </ForwardRef>
  </Styled(styled.div)>
</styled.div>
`;
